---
source: crates/sui/tests/ptb_files_tests.rs
expression: "results.join(\"\\n\")"
---
 === PREVIEW === 
╭──────────────────────────────────────────────────────────────────────────────────────────────╮
│ PTB Preview                                                                                  │
├──────────────────────────────────────────┬───────────────────────────────────────────────────┤
│ command                                  │ from                                              │
├──────────────────────────────────────────┼───────────────────────────────────────────────────┤
│ --gas-budget 100000000                   │ tests/ptb_files/merge_coins/merge_coins_valid.ptb │
│ --split-coins gas [1u64, 2u64, 3u64]     │ tests/ptb_files/merge_coins/merge_coins_valid.ptb │
│ --assign coins                           │ tests/ptb_files/merge_coins/merge_coins_valid.ptb │
│ --assign c0 coins.0                      │ tests/ptb_files/merge_coins/merge_coins_valid.ptb │
│ --assign c1 coins.1                      │ tests/ptb_files/merge_coins/merge_coins_valid.ptb │
│ --assign c2 coins.2                      │ tests/ptb_files/merge_coins/merge_coins_valid.ptb │
│ --merge-coins c0 [c1, c2]                │ tests/ptb_files/merge_coins/merge_coins_valid.ptb │
│ --merge-coins gas [c0]                   │ tests/ptb_files/merge_coins/merge_coins_valid.ptb │
│ --split-coins gas [1u64, 2u64, 3u64]     │ tests/ptb_files/merge_coins/merge_coins_valid.ptb │
│ --assign coins                           │ tests/ptb_files/merge_coins/merge_coins_valid.ptb │
│ --merge-coins coins.0 [coins.1, coins.2] │ tests/ptb_files/merge_coins/merge_coins_valid.ptb │
│ --merge-coins gas [coins.0]              │ tests/ptb_files/merge_coins/merge_coins_valid.ptb │
╰──────────────────────────────────────────┴───────────────────────────────────────────────────╯
 === PROGRAM META === 
preview: false
summary: false
gas_object: none
json: false
 === BUILT PTB === 
Input 0: Pure([1, 0, 0, 0, 0, 0, 0, 0])
Input 1: Pure([2, 0, 0, 0, 0, 0, 0, 0])
Input 2: Pure([3, 0, 0, 0, 0, 0, 0, 0])
Command 0: SplitCoins(GasCoinInput(0),Input(1),Input(2))
Command 1: MergeCoins(NestedResult(0,0),NestedResult(0,1),NestedResult(0,2))
Command 2: MergeCoins(GasCoin,NestedResult(0,0))
Command 3: SplitCoins(GasCoinInput(0),Input(1),Input(2))
Command 4: MergeCoins(NestedResult(3,0),NestedResult(3,1),NestedResult(3,2))
Command 5: MergeCoins(GasCoin,NestedResult(3,0))
