---
source: crates/sui/tests/ptb_files_tests.rs
expression: "results.join(\"\\n\")"
---
 === ERRORS AFTER PARSING INPUT COMMANDS === 
  × Error at command 1 in PTB file 'tests/ptb_files/merge_coins/
  │ merge_coins_invalid_args.ptb'
   ╭─[7:1]
 6 │ # Non-array argument for coins
 7 │ --merge-coins @0x1 true
   · ──────┬──────
   ·       ╰── expected token '[', but got '--merge-coins'
 8 │ 
   ╰────

