---
source: crates/sui/tests/ptb_files_tests.rs
expression: "results.join(\"\\n\")"
---
 === PREVIEW === 
╭──────────────────────────────────────────────────────────────────╮
│ PTB Preview                                                      │
├──────────────────────┬───────────────────────────────────────────┤
│ command              │ from                                      │
├──────────────────────┼───────────────────────────────────────────┤
│ --publish test_pkg   │ tests/ptb_files/publish/publish_valid.ptb │
│ --gas-budget 1000000 │ tests/ptb_files/publish/publish_valid.ptb │
╰──────────────────────┴───────────────────────────────────────────╯
 === PROGRAM META === 
preview: false
summary: false
gas_object: none
json: false
 === BUILT PTB === 
Command 0: Publish(_,)
