---
source: crates/sui/tests/ptb_files_tests.rs
expression: "results.join(\"\\n\")"
---
 === PREVIEW === 
╭───────────────────────────────────────────────────────────────────────╮
│ PTB Preview                                                           │
├───────────────────┬───────────────────────────────────────────────────┤
│ command           │ from                                              │
├───────────────────┼───────────────────────────────────────────────────┤
│ --gas-budget 1000 │ tests/ptb_files/publish/publish_not_a_package.ptb │
╰───────────────────┴───────────────────────────────────────────────────╯
 === PROGRAM META === 
preview: false
summary: false
gas_object: none
json: false
 === BUILT PTB === 
