---
source: crates/sui/tests/ptb_files_tests.rs
expression: "results.join(\"\\n\")"
---
 === ERRORS AFTER PARSING INPUT COMMANDS === 
  × Error at command 2 in PTB file 'tests/ptb_files/publish/
  │ publish_too_many_args.ptb'
   ╭─[3:15]
 2 │ # too many args
 3 │ --publish too many args
   ·               ──┬─
   ·                 ╰── Unexpected token '[ident]'
   ╰────

  × Error at command 2 in PTB file 'tests/ptb_files/publish/
  │ publish_too_many_args.ptb'
   ╭─[3:20]
 2 │ # too many args
 3 │ --publish too many args
   ·                    ──┬─
   ·                      ╰── Unexpected token '[ident]'
   ╰────

