---
source: crates/sui/tests/ptb_files_tests.rs
expression: "results.join(\"\\n\")"
---
 === PREVIEW === 
╭──────────────────────────────────────────────────────────────────────────╮
│ PTB Preview                                                              │
├────────────────────────────────┬─────────────────────────────────────────┤
│ command                        │ from                                    │
├────────────────────────────────┼─────────────────────────────────────────┤
│ --assign a @0x0                │ tests/ptb_files/assign/assign_valid.ptb │
│ --assign b a                   │ tests/ptb_files/assign/assign_valid.ptb │
│ --make-move-vec address [a, b] │ tests/ptb_files/assign/assign_valid.ptb │
│ --assign c                     │ tests/ptb_files/assign/assign_valid.ptb │
│ --assign c0 c.0                │ tests/ptb_files/assign/assign_valid.ptb │
│ --assign c1 c.1                │ tests/ptb_files/assign/assign_valid.ptb │
│ --assign b a                   │ tests/ptb_files/assign/assign_valid.ptb │
│ --make-move-vec address [a, b] │ tests/ptb_files/assign/assign_valid.ptb │
│ --assign c                     │ tests/ptb_files/assign/assign_valid.ptb │
│ --assign c0 c.0                │ tests/ptb_files/assign/assign_valid.ptb │
│ --assign c1 c.1                │ tests/ptb_files/assign/assign_valid.ptb │
│ --gas-budget 1                 │ tests/ptb_files/assign/assign_valid.ptb │
╰────────────────────────────────┴─────────────────────────────────────────╯
 === PROGRAM META === 
preview: false
summary: false
gas_object: none
json: false
 === BUILT PTB === 
Input 0: Pure([0, 0, 0, 0, 0, 0, 0, 0, 0, 0, 0, 0, 0, 0, 0, 0, 0, 0, 0, 0, 0, 0, 0, 0, 0, 0, 0, 0, 0, 0, 0, 0])
Command 0: MakeMoveVec(Someaddress,[Input(0),Input(0)])
Command 1: MakeMoveVec(Someaddress,[Input(0),Input(0)])
