---
source: crates/sui/tests/ptb_files_tests.rs
expression: "results.join(\"\\n\")"
---
 === PREVIEW === 
╭─────────────────────────────────────────────────────────────────────────────────────╮
│ PTB Preview                                                                         │
├────────────────────────────────────┬────────────────────────────────────────────────┤
│ command                            │ from                                           │
├────────────────────────────────────┼────────────────────────────────────────────────┤
│ --gas-budget 100000                │ tests/ptb_files/comments/ptb_with_comments.ptb │
│ --split-coins @0x5 [1000u64]       │ tests/ptb_files/comments/ptb_with_comments.ptb │
│ --assign result                    │ tests/ptb_files/comments/ptb_with_comments.ptb │
│ --transfer-objects @0x6 [result.0] │ tests/ptb_files/comments/ptb_with_comments.ptb │
╰────────────────────────────────────┴────────────────────────────────────────────────╯
 === PROGRAM META === 
preview: false
summary: false
gas_object: none
json: false
 === BUILT PTB === 
Input 0: SharedObject(mutable: true)
Input 1: Pure([232, 3, 0, 0, 0, 0, 0, 0])
Input 2: Pure([0, 0, 0, 0, 0, 0, 0, 0, 0, 0, 0, 0, 0, 0, 0, 0, 0, 0, 0, 0, 0, 0, 0, 0, 0, 0, 0, 0, 0, 0, 0, 6])
Command 0: SplitCoins(Input(0)Input(1))
Command 1: TransferObjects([NestedResult(0,0)],Input(2))
