---
source: crates/sui/tests/ptb_files_tests.rs
expression: "results.join(\"\\n\")"
---
 === PREVIEW === 
╭───────────────────────────────────────────────────────────────────────────────────────────────────────╮
│ PTB Preview                                                                                           │
├─────────────────────────────────────────┬─────────────────────────────────────────────────────────────┤
│ command                                 │ from                                                        │
├─────────────────────────────────────────┼─────────────────────────────────────────────────────────────┤
│ --gas-budget 10000000                   │ tests/ptb_files/transfer_objects/transfer_objects_valid.ptb │
│ --split-coins gas [1u64, 2u64, 3u64]    │ tests/ptb_files/transfer_objects/transfer_objects_valid.ptb │
│ --assign s                              │ tests/ptb_files/transfer_objects/transfer_objects_valid.ptb │
│ --transfer-objects @0x1 [s.0, s.1, s.2] │ tests/ptb_files/transfer_objects/transfer_objects_valid.ptb │
╰─────────────────────────────────────────┴─────────────────────────────────────────────────────────────╯
 === PROGRAM META === 
preview: false
summary: false
gas_object: none
json: false
 === BUILT PTB === 
Input 0: Pure([1, 0, 0, 0, 0, 0, 0, 0])
Input 1: Pure([2, 0, 0, 0, 0, 0, 0, 0])
Input 2: Pure([3, 0, 0, 0, 0, 0, 0, 0])
Input 3: Pure([0, 0, 0, 0, 0, 0, 0, 0, 0, 0, 0, 0, 0, 0, 0, 0, 0, 0, 0, 0, 0, 0, 0, 0, 0, 0, 0, 0, 0, 0, 0, 1])
Command 0: SplitCoins(GasCoinInput(0),Input(1),Input(2))
Command 1: TransferObjects([NestedResult(0,0),NestedResult(0,1),NestedResult(0,2)],Input(3))
