---
source: crates/sui/tests/ptb_files_tests.rs
expression: "results.join(\"\\n\")"
---
 === ERRORS AFTER PARSING INPUT COMMANDS === 
  × Error when processing PTB
   ╭────
 1 │ --gas-budget 0xFFFFFFFFFFFFFFFFFFFFFFFFFFFFFFFFFFFFFFFFFFFFFFFFFFFFFFFFFFFFFFFFFFFFFFFF 
   ·              ─────────────────────────────────────┬────────────────────────────────────
   ·                                                   ╰── number too large to fit in target type
   ╰────

