---
source: crates/sui/tests/ptb_files_tests.rs
expression: "results.join(\"\\n\")"
---
 === ERRORS AFTER PARSING INPUT COMMANDS === 
  × Error at command 0 in PTB file 'tests/ptb_files/gas/
  │ non_integer_gas_budget.ptb'
   ╭────
 1 │ --gas-budget @0x1
   ·               ─┬─
   ·                ╰── Expected a u64 value
   ╰────

