---
source: crates/sui/tests/ptb_files_tests.rs
expression: "results.join(\"\\n\")"
---
 === ERRORS AFTER PARSING INPUT COMMANDS === 
  × Error at command 1 in PTB file 'tests/ptb_files/move_call/
  │ move_call_parsing.ptb'
   ╭────
 3 │ --move-call invalid_access
   ╰────

