---
source: crates/sui/tests/ptb_files_tests.rs
expression: "results.join(\"\\n\")"
---
 === ERRORS AFTER PARSING INPUT COMMANDS === 
  × Error at command 1 in PTB file 'tests/ptb_files/make_move_vec/
  │ resolve_array_inside_array.ptb'
   ╭─[5:36]
 4 │ # This is caught statically since from the shape of it we know this is wrong.
 5 │ --make-move-vec <vector<address>> [[@0x1], [@0x2], [@0x3]]
   ·                                    ┬
   ·                                    ╰── unexpected token '['
   ╰────

