---
source: crates/sui/tests/ptb_files_tests.rs
expression: "results.join(\"\\n\")"
---
 === PREVIEW === 
╭───────────────────────────────────────────────────────────────────────────────────────────────────────────╮
│ PTB Preview                                                                                               │
├───────────────────────────────────────────────┬───────────────────────────────────────────────────────────┤
│ command                                       │ from                                                      │
├───────────────────────────────────────────────┼───────────────────────────────────────────────────────────┤
│ --assign s @0x1                               │ tests/ptb_files/resolution/variable_resolution_fixing.ptb │
│ --move-call sui::coin::value<sui::sui::SUI> s │ tests/ptb_files/resolution/variable_resolution_fixing.ptb │
│ --make-move-vec address [s]                   │ tests/ptb_files/resolution/variable_resolution_fixing.ptb │
│ --gas-budget 100000                           │ tests/ptb_files/resolution/variable_resolution_fixing.ptb │
╰───────────────────────────────────────────────┴───────────────────────────────────────────────────────────╯
 === PROGRAM META === 
preview: false
summary: false
gas_object: none
json: false
 === BUILT PTB === 
Input 0: ImmutableOrOwnedObject
Command 0: MoveCall(0x0000000000000000000000000000000000000000000000000000000000000002::coin::value<0x2::sui::SUI>(Input(0)))
Command 1: MakeMoveVec(Someaddress,[Input(0)])
