---
source: crates/sui/tests/ptb_files_tests.rs
expression: "results.join(\"\\n\")"
---
 === PREVIEW === 
╭──────────────────────────────────────────────────────────────────────────────────────────╮
│ PTB Preview                                                                              │
├────────────────────────────┬─────────────────────────────────────────────────────────────┤
│ command                    │ from                                                        │
├────────────────────────────┼─────────────────────────────────────────────────────────────┤
│ --assign x 10u64           │ tests/ptb_files/assign/assign_cross_files.ptb               │
│ --assign y 11u64           │ tests/ptb_files/assign/assign_cross_files.ptb               │
│ --split-coins gas [x, y]   │ tests/ptb_files/assign/for_testing_assigns.ptb.include_only │
│ --assign coins             │ tests/ptb_files/assign/assign_cross_files.ptb               │
│ --assign c0 coins.0        │ tests/ptb_files/assign/assign_cross_files.ptb               │
│ --assign c1 coins.1        │ tests/ptb_files/assign/assign_cross_files.ptb               │
│ --merge-coins gas [c0, c1] │ tests/ptb_files/assign/assign_cross_files.ptb               │
│ --gas-budget 10000000      │ tests/ptb_files/assign/assign_cross_files.ptb               │
╰────────────────────────────┴─────────────────────────────────────────────────────────────╯
 === PROGRAM META === 
preview: false
summary: false
gas_object: none
json: false
 === BUILT PTB === 
Input 0: Pure([10, 0, 0, 0, 0, 0, 0, 0])
Input 1: Pure([11, 0, 0, 0, 0, 0, 0, 0])
Command 0: SplitCoins(GasCoinInput(0),Input(1))
Command 1: MergeCoins(GasCoin,NestedResult(0,0),NestedResult(0,1))
