---
source: crates/sui/tests/ptb_files_tests.rs
expression: "results.join(\"\\n\")"
---
 === PREVIEW === 
╭────────────────────────────────────────────────────────────────────────────────────────────────────────────────────────╮
│ PTB Preview                                                                                                            │
├────────────────────────────────────────┬───────────────────────────────────────────────────────────────────────────────┤
│ command                                │ from                                                                          │
├────────────────────────────────────────┼───────────────────────────────────────────────────────────────────────────────┤
│ --gas-budget 1000000000                │ tests/ptb_files/make_move_vec/resolve_array_inside_array_through_bindings.ptb │
│ --make-move-vec address [@0x1]         │ tests/ptb_files/make_move_vec/resolve_array_inside_array_through_bindings.ptb │
│ --assign a                             │ tests/ptb_files/make_move_vec/resolve_array_inside_array_through_bindings.ptb │
│ --make-move-vec vector<address> [a, a] │ tests/ptb_files/make_move_vec/resolve_array_inside_array_through_bindings.ptb │
╰────────────────────────────────────────┴───────────────────────────────────────────────────────────────────────────────╯
 === PROGRAM META === 
preview: false
summary: false
gas_object: none
json: false
 === BUILT PTB === 
Input 0: Pure([0, 0, 0, 0, 0, 0, 0, 0, 0, 0, 0, 0, 0, 0, 0, 0, 0, 0, 0, 0, 0, 0, 0, 0, 0, 0, 0, 0, 0, 0, 0, 1])
Command 0: MakeMoveVec(Someaddress,[Input(0)])
Command 1: MakeMoveVec(Somevector<address>,[Result(0),Result(0)])
