---
source: crates/sui/tests/ptb_files_tests.rs
expression: "results.join(\"\\n\")"
---
 === ERRORS AFTER PARSING INPUT COMMANDS === 
  × Error at command 0 in PTB file 'tests/ptb_files/file/
  │ self_include_circular.ptb'
   ╭────
 1 │ --file self_include_circular.ptb
   ·        ────────────┬────────────
   ·                    ╰── Cyclic file dependency found with 'tests/ptb_files/file/self_include_circular.ptb'
   ╰────

