---
source: crates/sui/tests/ptb_files_tests.rs
expression: "results.join(\"\\n\")"
---
 === PREVIEW === 
╭──────────────────────────────────────────────────────────────────────────────────────────────────────────────╮
│ PTB Preview                                                                                                  │
├────────────────────────────────────────────────────┬─────────────────────────────────────────────────────────┤
│ command                                            │ from                                                    │
├────────────────────────────────────────────────────┼─────────────────────────────────────────────────────────┤
│ --gas-budget 10000                                 │ tests/ptb_files/make_move_vec/make_move_vec_invalid.ptb │
│ --make-move-vec vector<address> [@0x1, @0x2, @0x3] │ tests/ptb_files/make_move_vec/make_move_vec_invalid.ptb │
│ --make-move-vec address [true, false]              │ tests/ptb_files/make_move_vec/make_move_vec_invalid.ptb │
╰────────────────────────────────────────────────────┴─────────────────────────────────────────────────────────╯
 === PROGRAM META === 
preview: false
summary: false
gas_object: none
json: false
 === BUILT PTB === 
Input 0: Pure([0, 0, 0, 0, 0, 0, 0, 0, 0, 0, 0, 0, 0, 0, 0, 0, 0, 0, 0, 0, 0, 0, 0, 0, 0, 0, 0, 0, 0, 0, 0, 1])
Input 1: Pure([0, 0, 0, 0, 0, 0, 0, 0, 0, 0, 0, 0, 0, 0, 0, 0, 0, 0, 0, 0, 0, 0, 0, 0, 0, 0, 0, 0, 0, 0, 0, 2])
Input 2: Pure([0, 0, 0, 0, 0, 0, 0, 0, 0, 0, 0, 0, 0, 0, 0, 0, 0, 0, 0, 0, 0, 0, 0, 0, 0, 0, 0, 0, 0, 0, 0, 3])
Input 3: Pure([1])
Input 4: Pure([0])
Command 0: MakeMoveVec(Somevector<address>,[Input(0),Input(1),Input(2)])
Command 1: MakeMoveVec(Someaddress,[Input(3),Input(4)])
