---
source: crates/sui/tests/ptb_files_tests.rs
expression: "results.join(\"\\n\")"
---
 === PREVIEW === 
╭──────────────────────────────────────────────────────────────────────────────────────────────────╮
│ PTB Preview                                                                                      │
├───────────────────────────────────────────────────────┬──────────────────────────────────────────┤
│ command                                               │ from                                     │
├───────────────────────────────────────────────────────┼──────────────────────────────────────────┤
│ --move-call std::option::is_none<u64> none some(1u64) │ tests/ptb_files/move_call/multi_args.ptb │
│ --move-call std::option::is_none<u64> none some(1u64) │ tests/ptb_files/move_call/multi_args.ptb │
│ --move-call std::option::is_none<u64> none some(1u64) │ tests/ptb_files/move_call/multi_args.ptb │
│ --move-call std::option::is_none<u64> none some(1u64) │ tests/ptb_files/move_call/multi_args.ptb │
│ --gas-budget 1                                        │ tests/ptb_files/move_call/multi_args.ptb │
╰───────────────────────────────────────────────────────┴──────────────────────────────────────────╯
 === PROGRAM META === 
preview: false
summary: false
gas_object: none
json: false
 === BUILDING PTB ERRORS === 
  × Error at command 0 in PTB file 'tests/ptb_files/move_call/multi_args.ptb'
   ╭─[1:39]
 1 │ --move-call std::option::is_none<u64> none some(1)
   ·                                       ──────┬─────
   ·                                             ╰── Expected 1 argument, but got 2
 2 │ --move-call std::option::is_none<u64> none some(1)
   ╰────

  × Error at command 1 in PTB file 'tests/ptb_files/move_call/multi_args.ptb'
   ╭─[2:39]
 1 │ --move-call std::option::is_none<u64> none some(1)
 2 │ --move-call std::option::is_none<u64> none some(1)
   ·                                       ──────┬─────
   ·                                             ╰── Expected 1 argument, but got 2
 3 │ --move-call std::option::is_none<u64> none some(1)
   ╰────

  × Error at command 2 in PTB file 'tests/ptb_files/move_call/multi_args.ptb'
   ╭─[3:39]
 2 │ --move-call std::option::is_none<u64> none some(1)
 3 │ --move-call std::option::is_none<u64> none some(1)
   ·                                       ──────┬─────
   ·                                             ╰── Expected 1 argument, but got 2
 4 │ --move-call std::option::is_none <u64> none some(1)
   ╰────

  × Error at command 3 in PTB file 'tests/ptb_files/move_call/multi_args.ptb'
   ╭─[4:40]
 3 │ --move-call std::option::is_none<u64> none some(1)
 4 │ --move-call std::option::is_none <u64> none some(1)
   ·                                        ──────┬─────
   ·                                              ╰── Expected 1 argument, but got 2
 5 │ --gas-budget 1
   ╰────

