---
source: crates/sui/tests/ptb_files_tests.rs
expression: "results.join(\"\\n\")"
---
 === ERRORS AFTER PARSING INPUT COMMANDS === 
  × Error at command 5 in PTB file 'tests/ptb_files/assign/assign_invalid.ptb'
    ╭─[9:14]
  8 │ # Too many args
  9 │ --assign a b c
    ·              ┬
    ·              ╰── Unexpected token '[ident]'
 10 │ --assign a b c e f
    ╰────

  × Error at command 6 in PTB file 'tests/ptb_files/assign/assign_invalid.ptb'
    ╭─[10:14]
  9 │ --assign a b c
 10 │ --assign a b c e f
    ·              ┬
    ·              ╰── Unexpected token '[ident]'
 11 │ 
    ╰────

  × Error at command 6 in PTB file 'tests/ptb_files/assign/assign_invalid.ptb'
    ╭─[10:16]
  9 │ --assign a b c
 10 │ --assign a b c e f
    ·                ┬
    ·                ╰── Unexpected token '[ident]'
 11 │ 
    ╰────

  × Error at command 6 in PTB file 'tests/ptb_files/assign/assign_invalid.ptb'
    ╭─[10:18]
  9 │ --assign a b c
 10 │ --assign a b c e f
    ·                  ┬
    ·                  ╰── Unexpected token '[ident]'
 11 │ 
    ╰────

  × Error at command 6 in PTB file 'tests/ptb_files/assign/assign_invalid.ptb'
    ╭─[16:1]
 15 │ # Keywords
 16 │ --assign gas 1
    · ────┬───
    ·     ╰── unexpected token '--assign'
 17 │ --assign none 2
    ╰────

  × Error at command 7 in PTB file 'tests/ptb_files/assign/assign_invalid.ptb'
    ╭─[17:10]
 16 │ --assign gas 1
 17 │ --assign none 2
    ·          ──┬─
    ·            ╰── Expected variable binding
 18 │ 
    ╰────

  × Error at command 13 in PTB file 'tests/ptb_files/assign/
  │ assign_invalid.ptb'
    ╭─[29:14]
 28 │ # Too many args
 29 │ --assign a b c
    ·              ┬
    ·              ╰── Unexpected token '[ident]'
 30 │ --assign a b c e f
    ╰────

  × Error at command 14 in PTB file 'tests/ptb_files/assign/
  │ assign_invalid.ptb'
    ╭─[30:14]
 29 │ --assign a b c
 30 │ --assign a b c e f
    ·              ┬
    ·              ╰── Unexpected token '[ident]'
 31 │ 
    ╰────

  × Error at command 14 in PTB file 'tests/ptb_files/assign/
  │ assign_invalid.ptb'
    ╭─[30:16]
 29 │ --assign a b c
 30 │ --assign a b c e f
    ·                ┬
    ·                ╰── Unexpected token '[ident]'
 31 │ 
    ╰────

  × Error at command 14 in PTB file 'tests/ptb_files/assign/
  │ assign_invalid.ptb'
    ╭─[30:18]
 29 │ --assign a b c
 30 │ --assign a b c e f
    ·                  ┬
    ·                  ╰── Unexpected token '[ident]'
 31 │ 
    ╰────

  × Error at command 14 in PTB file 'tests/ptb_files/assign/
  │ assign_invalid.ptb'
    ╭─[33:10]
 32 │ # Keywords
 33 │ --assign gas 1
    ·          ─┬─
    ·           ╰── Expected variable binding
 34 │ --assign none 2
    ╰────

  × Error at command 15 in PTB file 'tests/ptb_files/assign/
  │ assign_invalid.ptb'
    ╭─[34:10]
 33 │ --assign gas 1
 34 │ --assign none 2
    ·          ──┬─
    ·            ╰── Expected variable binding
 35 │ 
    ╰────

