---
source: crates/sui/tests/ptb_files_tests.rs
expression: "results.join(\"\\n\")"
---
 === PREVIEW === 
╭──────────────────────────────────────────────────────────────╮
│ PTB Preview                                                  │
├──────────────────┬───────────────────────────────────────────┤
│ command          │ from                                      │
├──────────────────┼───────────────────────────────────────────┤
│ --assign bar "(" │ tests/ptb_files/parsing/quote_escapes.ptb │
│ --assign bar "(" │ tests/ptb_files/parsing/quote_escapes.ptb │
│ --assign bar "(" │ tests/ptb_files/parsing/quote_escapes.ptb │
│ --assign bar ")" │ tests/ptb_files/parsing/quote_escapes.ptb │
│ --assign bar ")" │ tests/ptb_files/parsing/quote_escapes.ptb │
│ --assign bar ")" │ tests/ptb_files/parsing/quote_escapes.ptb │
│ --assign bar "[" │ tests/ptb_files/parsing/quote_escapes.ptb │
│ --assign bar "[" │ tests/ptb_files/parsing/quote_escapes.ptb │
│ --assign bar "[" │ tests/ptb_files/parsing/quote_escapes.ptb │
│ --assign bar "]" │ tests/ptb_files/parsing/quote_escapes.ptb │
│ --assign bar "]" │ tests/ptb_files/parsing/quote_escapes.ptb │
│ --assign bar "]" │ tests/ptb_files/parsing/quote_escapes.ptb │
│ --gas-budget 11  │ tests/ptb_files/parsing/quote_escapes.ptb │
╰──────────────────┴───────────────────────────────────────────╯
 === PROGRAM META === 
preview: false
summary: false
gas_object: none
json: false
 === BUILT PTB === 
