---
source: crates/sui/tests/ptb_files_tests.rs
expression: "results.join(\"\\n\")"
---
 === PREVIEW === 
╭───────────────────────────────────────────────────────────────────╮
│ PTB Preview                                                       │
├────────────────────────┬──────────────────────────────────────────┤
│ command                │ from                                     │
├────────────────────────┼──────────────────────────────────────────┤
│ --assign gasa @0x1     │ tests/ptb_files/parsing/not_keywords.ptb │
│ --assign somea @0x1    │ tests/ptb_files/parsing/not_keywords.ptb │
│ --assign nonea @0x1    │ tests/ptb_files/parsing/not_keywords.ptb │
│ --assign vectora @0x1  │ tests/ptb_files/parsing/not_keywords.ptb │
│ --assign gas-a @0x1    │ tests/ptb_files/parsing/not_keywords.ptb │
│ --assign some-a @0x1   │ tests/ptb_files/parsing/not_keywords.ptb │
│ --assign none-a @0x1   │ tests/ptb_files/parsing/not_keywords.ptb │
│ --assign vector-a @0x1 │ tests/ptb_files/parsing/not_keywords.ptb │
│ --gas-budget 11        │ tests/ptb_files/parsing/not_keywords.ptb │
╰────────────────────────┴──────────────────────────────────────────╯
 === PROGRAM META === 
preview: false
summary: false
gas_object: none
json: false
 === BUILT PTB === 
