---
source: crates/sui/src/client_ptb/parser.rs
expression: parsed
---
[
    (
        Program {
            commands: [
                Spanned {
                    span: Span {
                        start: 0,
                        end: 17,
                    },
                    value: Publish(
                        Spanned {
                            span: Span {
                                start: 0,
                                end: 17,
                            },
                            value: "foo/bar",
                        },
                    ),
                },
            ],
            warn_shadows_set: false,
        },
        ProgramMetadata {
            preview_set: false,
            summary_set: false,
            gas_object_id: None,
            json_set: false,
        },
    ),
    (
        Program {
            commands: [
                Spanned {
                    span: Span {
                        start: 0,
                        end: 21,
                    },
                    value: Publish(
                        Spanned {
                            span: Span {
                                start: 0,
                                end: 21,
                            },
                            value: "foo/bar.ptb",
                        },
                    ),
                },
            ],
            warn_shadows_set: false,
        },
        ProgramMetadata {
            preview_set: false,
            summary_set: false,
            gas_object_id: None,
            json_set: false,
        },
    ),
    (
        Program {
            commands: [
                Spanned {
                    span: Span {
                        start: 0,
                        end: 13,
                    },
                    value: Upgrade(
                        Spanned {
                            span: Span {
                                start: 0,
                                end: 13,
                            },
                            value: "foo",
                        },
                        Spanned {
                            span: Span {
                                start: 14,
                                end: 18,
                            },
                            value: Address(
                                1,
                            ),
                        },
                    ),
                },
            ],
            warn_shadows_set: false,
        },
        ProgramMetadata {
            preview_set: false,
            summary_set: false,
            gas_object_id: None,
            json_set: false,
        },
    ),
    (
        Program {
            commands: [
                Spanned {
                    span: Span {
                        start: 0,
                        end: 27,
                    },
                    value: TransferObjects(
                        Spanned {
                            span: Span {
                                start: 19,
                                end: 20,
                            },
                            value: Identifier(
                                "a",
                            ),
                        },
                        Spanned {
                            span: Span {
                                start: 21,
                                end: 27,
                            },
                            value: [
                                Spanned {
                                    span: Span {
                                        start: 22,
                                        end: 23,
                                    },
                                    value: Identifier(
                                        "b",
                                    ),
                                },
                                Spanned {
                                    span: Span {
                                        start: 25,
                                        end: 26,
                                    },
                                    value: Identifier(
                                        "c",
                                    ),
                                },
                            ],
                        },
                    ),
                },
            ],
            warn_shadows_set: false,
        },
        ProgramMetadata {
            preview_set: false,
            summary_set: false,
            gas_object_id: None,
            json_set: false,
        },
    ),
    (
        Program {
            commands: [
                Spanned {
                    span: Span {
                        start: 0,
                        end: 24,
                    },
                    value: TransferObjects(
                        Spanned {
                            span: Span {
                                start: 19,
                                end: 20,
                            },
                            value: Identifier(
                                "a",
                            ),
                        },
                        Spanned {
                            span: Span {
                                start: 21,
                                end: 24,
                            },
                            value: [
                                Spanned {
                                    span: Span {
                                        start: 22,
                                        end: 23,
                                    },
                                    value: Identifier(
                                        "b",
                                    ),
                                },
                            ],
                        },
                    ),
                },
            ],
            warn_shadows_set: false,
        },
        ProgramMetadata {
            preview_set: false,
            summary_set: false,
            gas_object_id: None,
            json_set: false,
        },
    ),
    (
        Program {
            commands: [
                Spanned {
                    span: Span {
                        start: 0,
                        end: 26,
                    },
                    value: TransferObjects(
                        Spanned {
                            span: Span {
                                start: 19,
                                end: 22,
                            },
                            value: VariableAccess(
                                Spanned {
                                    span: Span {
                                        start: 19,
                                        end: 20,
                                    },
                                    value: "a",
                                },
                                [
                                    Spanned {
                                        span: Span {
                                            start: 21,
                                            end: 22,
                                        },
                                        value: "0",
                                    },
                                ],
                            ),
                        },
                        Spanned {
                            span: Span {
                                start: 23,
                                end: 26,
                            },
                            value: [
                                Spanned {
                                    span: Span {
                                        start: 24,
                                        end: 25,
                                    },
                                    value: Identifier(
                                        "b",
                                    ),
                                },
                            ],
                        },
                    ),
                },
            ],
            warn_shadows_set: false,
        },
        ProgramMetadata {
            preview_set: false,
            summary_set: false,
            gas_object_id: None,
            json_set: false,
        },
    ),
    (
        Program {
            commands: [
                Spanned {
                    span: Span {
                        start: 0,
                        end: 22,
                    },
                    value: SplitCoins(
                        Spanned {
                            span: Span {
                                start: 14,
                                end: 15,
                            },
                            value: Identifier(
                                "a",
                            ),
                        },
                        Spanned {
                            span: Span {
                                start: 16,
                                end: 22,
                            },
                            value: [
                                Spanned {
                                    span: Span {
                                        start: 17,
                                        end: 18,
                                    },
                                    value: Identifier(
                                        "b",
                                    ),
                                },
                                Spanned {
                                    span: Span {
                                        start: 20,
                                        end: 21,
                                    },
                                    value: Identifier(
                                        "c",
                                    ),
                                },
                            ],
                        },
                    ),
                },
            ],
            warn_shadows_set: false,
        },
        ProgramMetadata {
            preview_set: false,
            summary_set: false,
            gas_object_id: None,
            json_set: false,
        },
    ),
    (
        Program {
            commands: [
                Spanned {
                    span: Span {
                        start: 0,
                        end: 19,
                    },
                    value: SplitCoins(
                        Spanned {
                            span: Span {
                                start: 14,
                                end: 15,
                            },
                            value: Identifier(
                                "a",
                            ),
                        },
                        Spanned {
                            span: Span {
                                start: 16,
                                end: 19,
                            },
                            value: [
                                Spanned {
                                    span: Span {
                                        start: 17,
                                        end: 18,
                                    },
                                    value: Identifier(
                                        "c",
                                    ),
                                },
                            ],
                        },
                    ),
                },
            ],
            warn_shadows_set: false,
        },
        ProgramMetadata {
            preview_set: false,
            summary_set: false,
            gas_object_id: None,
            json_set: false,
        },
    ),
    (
        Program {
            commands: [
                Spanned {
                    span: Span {
                        start: 0,
                        end: 22,
                    },
                    value: MergeCoins(
                        Spanned {
                            span: Span {
                                start: 14,
                                end: 15,
                            },
                            value: Identifier(
                                "a",
                            ),
                        },
                        Spanned {
                            span: Span {
                                start: 16,
                                end: 22,
                            },
                            value: [
                                Spanned {
                                    span: Span {
                                        start: 17,
                                        end: 18,
                                    },
                                    value: Identifier(
                                        "b",
                                    ),
                                },
                                Spanned {
                                    span: Span {
                                        start: 20,
                                        end: 21,
                                    },
                                    value: Identifier(
                                        "c",
                                    ),
                                },
                            ],
                        },
                    ),
                },
            ],
            warn_shadows_set: false,
        },
        ProgramMetadata {
            preview_set: false,
            summary_set: false,
            gas_object_id: None,
            json_set: false,
        },
    ),
    (
        Program {
            commands: [
                Spanned {
                    span: Span {
                        start: 0,
                        end: 19,
                    },
                    value: MergeCoins(
                        Spanned {
                            span: Span {
                                start: 14,
                                end: 15,
                            },
                            value: Identifier(
                                "a",
                            ),
                        },
                        Spanned {
                            span: Span {
                                start: 16,
                                end: 19,
                            },
                            value: [
                                Spanned {
                                    span: Span {
                                        start: 17,
                                        end: 18,
                                    },
                                    value: Identifier(
                                        "c",
                                    ),
                                },
                            ],
                        },
                    ),
                },
            ],
            warn_shadows_set: false,
        },
        ProgramMetadata {
            preview_set: false,
            summary_set: false,
            gas_object_id: None,
            json_set: false,
        },
    ),
    (
        Program {
            commands: [
                Spanned {
                    span: Span {
                        start: 0,
                        end: 10,
                    },
                    value: Assign(
                        Spanned {
                            span: Span {
                                start: 9,
                                end: 10,
                            },
                            value: "a",
                        },
                        None,
                    ),
                },
            ],
            warn_shadows_set: false,
        },
        ProgramMetadata {
            preview_set: false,
            summary_set: false,
            gas_object_id: None,
            json_set: false,
        },
    ),
    (
        Program {
            commands: [
                Spanned {
                    span: Span {
                        start: 0,
                        end: 14,
                    },
                    value: Assign(
                        Spanned {
                            span: Span {
                                start: 9,
                                end: 10,
                            },
                            value: "a",
                        },
                        Some(
                            Spanned {
                                span: Span {
                                    start: 11,
                                    end: 14,
                                },
                                value: VariableAccess(
                                    Spanned {
                                        span: Span {
                                            start: 11,
                                            end: 12,
                                        },
                                        value: "b",
                                    },
                                    [
                                        Spanned {
                                            span: Span {
                                                start: 13,
                                                end: 14,
                                            },
                                            value: "1",
                                        },
                                    ],
                                ),
                            },
                        ),
                    ),
                },
            ],
            warn_shadows_set: false,
        },
        ProgramMetadata {
            preview_set: false,
            summary_set: false,
            gas_object_id: None,
            json_set: false,
        },
    ),
    (
        Program {
            commands: [
                Spanned {
                    span: Span {
                        start: 0,
                        end: 14,
                    },
                    value: Assign(
                        Spanned {
                            span: Span {
                                start: 9,
                                end: 10,
                            },
                            value: "a",
                        },
                        Some(
                            Spanned {
                                span: Span {
                                    start: 11,
                                    end: 14,
                                },
                                value: U8(
                                    1,
                                ),
                            },
                        ),
                    ),
                },
            ],
            warn_shadows_set: false,
        },
        ProgramMetadata {
            preview_set: false,
            summary_set: false,
            gas_object_id: None,
            json_set: false,
        },
    ),
    (
        Program {
            commands: [
                Spanned {
                    span: Span {
                        start: 0,
                        end: 15,
                    },
                    value: Assign(
                        Spanned {
                            span: Span {
                                start: 9,
                                end: 10,
                            },
                            value: "a",
                        },
                        Some(
                            Spanned {
                                span: Span {
                                    start: 11,
                                    end: 15,
                                },
                                value: Address(
                                    1,
                                ),
                            },
                        ),
                    ),
                },
            ],
            warn_shadows_set: false,
        },
        ProgramMetadata {
            preview_set: false,
            summary_set: false,
            gas_object_id: None,
            json_set: false,
        },
    ),
    (
        Program {
            commands: [
                Spanned {
                    span: Span {
                        start: 0,
                        end: 26,
                    },
                    value: Assign(
                        Spanned {
                            span: Span {
                                start: 9,
                                end: 10,
                            },
                            value: "a",
                        },
                        Some(
                            Spanned {
                                span: Span {
                                    start: 17,
                                    end: 26,
                                },
                                value: Vector(
                                    [
                                        Spanned {
                                            span: Span {
                                                start: 18,
                                                end: 19,
                                            },
                                            value: U64(
                                                1,
                                            ),
                                        },
                                        Spanned {
                                            span: Span {
                                                start: 21,
                                                end: 22,
                                            },
                                            value: U64(
                                                2,
                                            ),
                                        },
                                        Spanned {
                                            span: Span {
                                                start: 24,
                                                end: 25,
                                            },
                                            value: U64(
                                                3,
                                            ),
                                        },
                                    ],
                                ),
                            },
                        ),
                    ),
                },
            ],
            warn_shadows_set: false,
        },
        ProgramMetadata {
            preview_set: false,
            summary_set: false,
            gas_object_id: None,
            json_set: false,
        },
    ),
    (
        Program {
            commands: [
                Spanned {
                    span: Span {
                        start: 0,
                        end: 15,
                    },
                    value: Assign(
                        Spanned {
                            span: Span {
                                start: 9,
                                end: 10,
                            },
                            value: "a",
                        },
                        Some(
                            Spanned {
                                span: Span {
                                    start: 11,
                                    end: 15,
                                },
                                value: Option(
                                    Spanned {
                                        span: Span {
                                            start: 11,
                                            end: 15,
                                        },
                                        value: None,
                                    },
                                ),
                            },
                        ),
                    ),
                },
            ],
            warn_shadows_set: false,
        },
        ProgramMetadata {
            preview_set: false,
            summary_set: false,
            gas_object_id: None,
            json_set: false,
        },
    ),
    (
        Program {
            commands: [
                Spanned {
                    span: Span {
                        start: 0,
                        end: 18,
                    },
                    value: Assign(
                        Spanned {
                            span: Span {
                                start: 9,
                                end: 10,
                            },
                            value: "a",
                        },
                        Some(
                            Spanned {
                                span: Span {
                                    start: 11,
                                    end: 18,
                                },
                                value: Option(
                                    Spanned {
                                        span: Span {
                                            start: 16,
                                            end: 17,
                                        },
                                        value: Some(
                                            U64(
                                                1,
                                            ),
                                        ),
                                    },
                                ),
                            },
                        ),
                    ),
                },
            ],
            warn_shadows_set: false,
        },
        ProgramMetadata {
            preview_set: false,
            summary_set: false,
            gas_object_id: None,
            json_set: false,
        },
    ),
    (
        Program {
            commands: [
                Spanned {
                    span: Span {
                        start: 0,
                        end: 14,
                    },
                    value: GasBudget(
                        Spanned {
                            span: Span {
                                start: 13,
                                end: 14,
                            },
                            value: 1,
                        },
                    ),
                },
            ],
            warn_shadows_set: false,
        },
        ProgramMetadata {
            preview_set: false,
            summary_set: false,
            gas_object_id: None,
            json_set: false,
        },
    ),
    (
        Program {
            commands: [
                Spanned {
                    span: Span {
                        start: 0,
                        end: 21,
                    },
                    value: PickGasBudget(
                        Spanned {
                            span: Span {
                                start: 18,
                                end: 21,
                            },
                            value: Max,
                        },
                    ),
                },
            ],
            warn_shadows_set: false,
        },
        ProgramMetadata {
            preview_set: false,
            summary_set: false,
            gas_object_id: None,
            json_set: false,
        },
    ),
    (
        Program {
            commands: [
                Spanned {
                    span: Span {
                        start: 0,
                        end: 21,
                    },
                    value: PickGasBudget(
                        Spanned {
                            span: Span {
                                start: 18,
                                end: 21,
                            },
                            value: Sum,
                        },
                    ),
                },
            ],
            warn_shadows_set: false,
        },
        ProgramMetadata {
            preview_set: false,
            summary_set: false,
            gas_object_id: None,
            json_set: false,
        },
    ),
    (
        Program {
            commands: [],
            warn_shadows_set: false,
        },
        ProgramMetadata {
            preview_set: false,
            summary_set: false,
            gas_object_id: Some(
                Spanned {
                    span: Span {
                        start: 11,
                        end: 15,
                    },
                    value: 0x0000000000000000000000000000000000000000000000000000000000000001,
                },
            ),
            json_set: false,
        },
    ),
    (
        Program {
            commands: [],
            warn_shadows_set: false,
        },
        ProgramMetadata {
            preview_set: false,
            summary_set: true,
            gas_object_id: None,
            json_set: false,
        },
    ),
    (
        Program {
            commands: [],
            warn_shadows_set: false,
        },
        ProgramMetadata {
            preview_set: false,
            summary_set: false,
            gas_object_id: None,
            json_set: true,
        },
    ),
    (
        Program {
            commands: [],
            warn_shadows_set: false,
        },
        ProgramMetadata {
            preview_set: true,
            summary_set: false,
            gas_object_id: None,
            json_set: false,
        },
    ),
    (
        Program {
            commands: [],
            warn_shadows_set: true,
        },
        ProgramMetadata {
            preview_set: false,
            summary_set: false,
            gas_object_id: None,
            json_set: false,
        },
    ),
]
