---
source: crates/sui/src/client_ptb/parser.rs
expression: parsed
---
[
    (
        Program {
            commands: [
                Spanned {
                    span: Span {
                        start: 0,
                        end: 17,
                    },
                    value: Publish(
                        Spanned {
                            span: Span {
                                start: 0,
                                end: 17,
                            },
                            value: "foo/bar",
                        },
                    ),
                },
            ],
            warn_shadows_set: false,
        },
        ProgramMetadata {
            preview_set: false,
            summary_set: false,
            gas_object_id: None,
            json_set: false,
        },
    ),
    (
        Program {
            commands: [
                Spanned {
                    span: Span {
                        start: 0,
                        end: 17,
                    },
                    value: Publish(
                        Spanned {
                            span: Span {
                                start: 0,
                                end: 17,
                            },
                            value: "foo/bar",
                        },
                    ),
                },
            ],
            warn_shadows_set: false,
        },
        ProgramMetadata {
            preview_set: false,
            summary_set: false,
            gas_object_id: None,
            json_set: false,
        },
    ),
]
