---
source: crates/sui/src/client_ptb/lexer.rs
expression: tokens
---
[
    Spanned {
        span: Span {
            start: 0,
            end: 3,
        },
        value: Lexeme {
            token: Ident,
            src: "gas",
        },
    },
]
