---
source: crates/sui/src/client_ptb/lexer.rs
expression: tokens
---
[
    Spanned {
        span: Span {
            start: 0,
            end: 1,
        },
        value: Lexeme {
            token: Number,
            src: "4",
        },
    },
    Spanned {
        span: Span {
            start: 2,
            end: 3,
        },
        value: Lexeme {
            token: Unexpected,
            src: "*",
        },
    },
]
