---
source: crates/sui/src/client_ptb/parser.rs
expression: result.unwrap_err()
---
[
    PTBError {
        message: "Unexpected token '0x'",
        span: Span {
            start: 0,
            end: 2,
        },
        help: None,
    },
]
